=== JOB 456f5994-cfbe-4d59-a102-5db61d441558 @ 2025-11-07T18:12:48.189Z ===

COMMAND: not_a_real_command

STDOUT:


STDERR:
'not_a_real_command' is not recognized as an internal or external command,
operable program or batch file.


=== JOB 456f5994-cfbe-4d59-a102-5db61d441558 @ 2025-11-07T18:12:50.299Z ===

COMMAND: not_a_real_command

STDOUT:


STDERR:
'not_a_real_command' is not recognized as an internal or external command,
operable program or batch file.


=== JOB 456f5994-cfbe-4d59-a102-5db61d441558 @ 2025-11-07T18:12:54.382Z ===

COMMAND: not_a_real_command

STDOUT:


STDERR:
'not_a_real_command' is not recognized as an internal or external command,
operable program or batch file.


=== JOB 456f5994-cfbe-4d59-a102-5db61d441558 @ 2025-11-07T18:13:56.440Z ===

COMMAND: not_a_real_command

STDOUT:


STDERR:
'not_a_real_command' is not recognized as an internal or external command,
operable program or batch file.


