=== JOB c95a7ec8-c2b3-4e83-88bd-ae98d80903ac | START: 2025-11-07T18:56:55.729Z | END: 2025-11-07T18:56:55.771Z ===

COMMAND: not_a_real_command

DURATION: 0.04s

STDOUT:
(empty)

STDERR:
'not_a_real_command' is not recognized as an internal or external command,
operable program or batch file.


ERROR: Command failed: not_a_real_command
'not_a_real_command' is not recognized as an internal or external command,
operable program or batch file.


=== JOB c95a7ec8-c2b3-4e83-88bd-ae98d80903ac | START: 2025-11-07T18:56:57.789Z | END: 2025-11-07T18:56:57.823Z ===

COMMAND: not_a_real_command

DURATION: 0.03s

STDOUT:
(empty)

STDERR:
'not_a_real_command' is not recognized as an internal or external command,
operable program or batch file.


ERROR: Command failed: not_a_real_command
'not_a_real_command' is not recognized as an internal or external command,
operable program or batch file.


=== JOB c95a7ec8-c2b3-4e83-88bd-ae98d80903ac | START: 2025-11-07T18:57:01.848Z | END: 2025-11-07T18:57:01.882Z ===

COMMAND: not_a_real_command

DURATION: 0.03s

STDOUT:
(empty)

STDERR:
'not_a_real_command' is not recognized as an internal or external command,
operable program or batch file.


ERROR: Command failed: not_a_real_command
'not_a_real_command' is not recognized as an internal or external command,
operable program or batch file.


=== JOB c95a7ec8-c2b3-4e83-88bd-ae98d80903ac | START: 2025-11-08T11:30:33.640Z | END: 2025-11-08T11:30:33.692Z ===

COMMAND: not_a_real_command

DURATION: 0.05s

STDOUT:
(empty)

STDERR:
'not_a_real_command' is not recognized as an internal or external command,
operable program or batch file.


ERROR: Command failed: not_a_real_command
'not_a_real_command' is not recognized as an internal or external command,
operable program or batch file.


=== JOB c95a7ec8-c2b3-4e83-88bd-ae98d80903ac | START: 2025-11-08T11:30:33.974Z | END: 2025-11-08T11:30:34.018Z ===

COMMAND: not_a_real_command

DURATION: 0.04s

STDOUT:
(empty)

STDERR:
'not_a_real_command' is not recognized as an internal or external command,
operable program or batch file.


ERROR: Command failed: not_a_real_command
'not_a_real_command' is not recognized as an internal or external command,
operable program or batch file.


=== JOB c95a7ec8-c2b3-4e83-88bd-ae98d80903ac | START: 2025-11-08T11:30:35.731Z | END: 2025-11-08T11:30:35.771Z ===

COMMAND: not_a_real_command

DURATION: 0.04s

STDOUT:
(empty)

STDERR:
'not_a_real_command' is not recognized as an internal or external command,
operable program or batch file.


ERROR: Command failed: not_a_real_command
'not_a_real_command' is not recognized as an internal or external command,
operable program or batch file.


=== JOB c95a7ec8-c2b3-4e83-88bd-ae98d80903ac | START: 2025-11-08T12:17:01.940Z | END: 2025-11-08T12:17:01.991Z ===

COMMAND: not_a_real_command

DURATION: 0.05s

STDOUT:
(empty)

STDERR:
'not_a_real_command' is not recognized as an internal or external command,
operable program or batch file.


ERROR: Command failed: not_a_real_command
'not_a_real_command' is not recognized as an internal or external command,
operable program or batch file.


=== JOB c95a7ec8-c2b3-4e83-88bd-ae98d80903ac | START: 2025-11-08T12:17:02.410Z | END: 2025-11-08T12:17:02.470Z ===

COMMAND: not_a_real_command

DURATION: 0.06s

STDOUT:
(empty)

STDERR:
'not_a_real_command' is not recognized as an internal or external command,
operable program or batch file.


ERROR: Command failed: not_a_real_command
'not_a_real_command' is not recognized as an internal or external command,
operable program or batch file.


=== JOB c95a7ec8-c2b3-4e83-88bd-ae98d80903ac | START: 2025-11-08T12:17:04.009Z | END: 2025-11-08T12:17:04.062Z ===

COMMAND: not_a_real_command

DURATION: 0.05s

STDOUT:
(empty)

STDERR:
'not_a_real_command' is not recognized as an internal or external command,
operable program or batch file.


ERROR: Command failed: not_a_real_command
'not_a_real_command' is not recognized as an internal or external command,
operable program or batch file.


