=== JOB 80a26a8d-0793-4d62-b938-ac1e2c471421 | START: 2025-11-08T12:42:04.126Z | END: 2025-11-08T12:42:04.197Z ===

COMMAND: not_a_real_command

DURATION: 0.07s

STDOUT:
(empty)

STDERR:
'not_a_real_command' is not recognized as an internal or external command,
operable program or batch file.


ERROR: Command failed: not_a_real_command
'not_a_real_command' is not recognized as an internal or external command,
operable program or batch file.


=== JOB 80a26a8d-0793-4d62-b938-ac1e2c471421 | START: 2025-11-08T12:42:06.214Z | END: 2025-11-08T12:42:06.251Z ===

COMMAND: not_a_real_command

DURATION: 0.04s

STDOUT:
(empty)

STDERR:
'not_a_real_command' is not recognized as an internal or external command,
operable program or batch file.


ERROR: Command failed: not_a_real_command
'not_a_real_command' is not recognized as an internal or external command,
operable program or batch file.


=== JOB 80a26a8d-0793-4d62-b938-ac1e2c471421 | START: 2025-11-08T12:42:06.267Z | END: 2025-11-08T12:42:06.301Z ===

COMMAND: not_a_real_command

DURATION: 0.03s

STDOUT:
(empty)

STDERR:
'not_a_real_command' is not recognized as an internal or external command,
operable program or batch file.


ERROR: Command failed: not_a_real_command
'not_a_real_command' is not recognized as an internal or external command,
operable program or batch file.


=== JOB 80a26a8d-0793-4d62-b938-ac1e2c471421 | START: 2025-11-08T12:43:06.247Z | END: 2025-11-08T12:43:06.321Z ===

COMMAND: not_a_real_command

DURATION: 0.07s

STDOUT:
(empty)

STDERR:
'not_a_real_command' is not recognized as an internal or external command,
operable program or batch file.


ERROR: Command failed: not_a_real_command
'not_a_real_command' is not recognized as an internal or external command,
operable program or batch file.


=== JOB 80a26a8d-0793-4d62-b938-ac1e2c471421 | START: 2025-11-08T12:43:06.726Z | END: 2025-11-08T12:43:06.795Z ===

COMMAND: not_a_real_command

DURATION: 0.07s

STDOUT:
(empty)

STDERR:
'not_a_real_command' is not recognized as an internal or external command,
operable program or batch file.


ERROR: Command failed: not_a_real_command
'not_a_real_command' is not recognized as an internal or external command,
operable program or batch file.


=== JOB 80a26a8d-0793-4d62-b938-ac1e2c471421 | START: 2025-11-08T12:43:08.334Z | END: 2025-11-08T12:43:08.382Z ===

COMMAND: not_a_real_command

DURATION: 0.05s

STDOUT:
(empty)

STDERR:
'not_a_real_command' is not recognized as an internal or external command,
operable program or batch file.


ERROR: Command failed: not_a_real_command
'not_a_real_command' is not recognized as an internal or external command,
operable program or batch file.


